============================= test session starts =============================
platform win32 -- Python 3.10.10, pytest-9.0.3, pluggy-1.6.0 -- C:\Users\MIchelle\AppData\Local\Programs\Python\Python310\python.exe
cachedir: .pytest_cache
rootdir: C:\Users\MIchelle\OneDrive\Documents\supply_chain
plugins: anyio-4.13.0
collecting ... collected 46 items

tests/test_chatbot.py::TestNLPUtils::test_normalize_text PASSED          [  2%]
tests/test_chatbot.py::TestNLPUtils::test_extract_shipment_id PASSED     [  4%]
tests/test_chatbot.py::TestNLPUtils::test_extract_ship_id PASSED         [  6%]
tests/test_chatbot.py::TestNLPUtils::test_extract_ship_id_avoids_shipment_prefix PASSED [  8%]
tests/test_chatbot.py::TestNLPUtils::test_extract_locations PASSED       [ 10%]
tests/test_chatbot.py::TestNLPUtils::test_detect_single_intent PASSED    [ 13%]
tests/test_chatbot.py::TestNLPUtils::test_detect_multiple_intents PASSED [ 15%]
tests/test_chatbot.py::TestNLPUtils::test_detect_summary_fallback PASSED [ 17%]
tests/test_chatbot.py::TestNLPUtils::test_detect_reasoning_intent PASSED [ 19%]
tests/test_chatbot.py::TestNLPUtils::test_detect_corrective_intent PASSED [ 21%]
tests/test_chatbot.py::TestDelayedShipments::test_specific_shipment_delay PASSED [ 23%]
tests/test_chatbot.py::TestDelayedShipments::test_all_delayed_shipments PASSED [ 26%]
tests/test_chatbot.py::TestDelayedShipments::test_delay_includes_recommendations PASSED [ 28%]
tests/test_chatbot.py::TestDelayedShipments::test_specific_delay_with_route_info PASSED [ 30%]
tests/test_chatbot.py::TestLowStock::test_show_low_stock PASSED          [ 32%]
tests/test_chatbot.py::TestLowStock::test_low_stock_has_priority PASSED  [ 34%]
tests/test_chatbot.py::TestLowStock::test_low_stock_recommendations PASSED [ 36%]
tests/test_chatbot.py::TestShipRisk::test_specific_ship_risk PASSED      [ 39%]
tests/test_chatbot.py::TestShipRisk::test_all_risky_ships PASSED         [ 41%]
tests/test_chatbot.py::TestShipRisk::test_risk_mitigation_steps PASSED   [ 43%]
tests/test_chatbot.py::TestRouteOptimisation::test_route_for_shipment PASSED [ 45%]
tests/test_chatbot.py::TestRouteOptimisation::test_route_with_locations PASSED [ 47%]
tests/test_chatbot.py::TestRouteOptimisation::test_route_includes_savings PASSED [ 50%]
tests/test_chatbot.py::TestSummary::test_today_summary PASSED            [ 52%]
tests/test_chatbot.py::TestSummary::test_whats_happening PASSED          [ 54%]
tests/test_chatbot.py::TestSummary::test_summary_includes_all_sections PASSED [ 56%]
tests/test_chatbot.py::TestSummary::test_any_issues_today PASSED         [ 58%]
tests/test_chatbot.py::TestMultiIntent::test_delay_and_fix PASSED        [ 60%]
tests/test_chatbot.py::TestMultiIntent::test_risk_and_low_stock PASSED   [ 63%]
tests/test_chatbot.py::TestMultiIntent::test_summary_and_recommendations PASSED [ 65%]
tests/test_chatbot.py::TestMultiIntent::test_multi_intents_detected_in_response PASSED [ 67%]
tests/test_chatbot.py::TestContextAwareness::test_followup_why_after_shipment PASSED [ 69%]
tests/test_chatbot.py::TestContextAwareness::test_session_id_returned PASSED [ 71%]
tests/test_chatbot.py::TestCorrectiveActions::test_how_to_fix_delays PASSED [ 73%]
tests/test_chatbot.py::TestCorrectiveActions::test_what_should_we_do PASSED [ 76%]
tests/test_chatbot.py::TestSignalStatus::test_specific_ship_signal PASSED [ 78%]
tests/test_chatbot.py::TestSignalStatus::test_fleet_signal_overview PASSED [ 80%]
tests/test_chatbot.py::TestAlerts::test_active_alerts PASSED             [ 82%]
tests/test_chatbot.py::TestEdgeCases::test_empty_message PASSED          [ 84%]
tests/test_chatbot.py::TestEdgeCases::test_whitespace_only_message PASSED [ 86%]
tests/test_chatbot.py::TestEdgeCases::test_unknown_shipment PASSED       [ 89%]
tests/test_chatbot.py::TestEdgeCases::test_gibberish_input PASSED        [ 91%]
tests/test_chatbot.py::TestEdgeCases::test_response_format PASSED        [ 93%]
tests/test_chatbot.py::TestEdgeCases::test_no_robotic_tags_in_output PASSED [ 95%]
tests/test_chatbot.py::TestResponseQuality::test_no_all_caps_headers PASSED [ 97%]
tests/test_chatbot.py::TestResponseQuality::test_professional_tone PASSED [100%]

============================= 46 passed in 2.00s ==============================
